<html>
<body>
<pre>
<h1>礦ision Build Log</h1>
<h2>Tool Versions:</h2>
IDE-Version: μVision V5.14.0.0
Copyright (C) 2015 ARM Ltd and ARM Germany GmbH. All rights reserved.
License Information: 牛 Microsoft, Microsoft, LIC=W9663-AJJBE-YCXJ1-CFCKH-RX7RD-GLUK7
 
Tool Versions:
Toolchain:       MDK-ARM Professional  Version: 5.14.0.0
Toolchain Path:  C:\Keil_v5\ARM\ARMCC\Bin
C Compiler:      Armcc.exe V5.05 update 1 (build 106)
Assembler:       Armasm.exe V5.05 update 1 (build 106)
Linker/Locator:  ArmLink.exe V5.05 update 1 (build 106)
Library Manager: ArmAr.exe V5.05 update 1 (build 106)
Hex Converter:   FromElf.exe V5.05 update 1 (build 106)
CPU DLL:         SARMCM3.DLL V5.14.0.0
Dialog DLL:      DCM.DLL V1.13.1.0
Target DLL:      Segger\JL2CM3.dll V2.99.13.0
Dialog DLL:      TCM.DLL V1.14.4.0
 
<h2>Project:</h2>
\\Mac\Home\Desktop\FIR-FIiter 5.2 - 副本\Project\BH-F103.uvprojx
Project File Date:  05/02/2020

<h2>Output:</h2>
Build target 'Target 1'
Clean started - Project: 'BH-F103'
   deleting intermediate output files for target 'Target 1'
assembling startup_stm32f10x_hd.s...
compiling core_cm3.c...
compiling system_stm32f10x.c...
compiling misc.c...
compiling stm32f10x_adc.c...
compiling stm32f10x_bkp.c...
compiling stm32f10x_can.c...
compiling stm32f10x_cec.c...
compiling stm32f10x_crc.c...
compiling stm32f10x_dac.c...
compiling stm32f10x_dbgmcu.c...
compiling stm32f10x_dma.c...
compiling stm32f10x_exti.c...
compiling stm32f10x_flash.c...
compiling stm32f10x_fsmc.c...
compiling stm32f10x_gpio.c...
compiling stm32f10x_i2c.c...
compiling stm32f10x_iwdg.c...
compiling stm32f10x_pwr.c...
compiling stm32f10x_rcc.c...
compiling stm32f10x_rtc.c...
compiling stm32f10x_sdio.c...
compiling stm32f10x_spi.c...
compiling stm32f10x_tim.c...
compiling stm32f10x_usart.c...
compiling stm32f10x_wwdg.c...
compiling main.c...
compiling stm32f10x_it.c...
compiling bsp_led.c...
compiling bsp_key.c...
compiling bsp_usart.c...
compiling FIRFiter.c...
compiling fir.c...
..\Libraries\CMSIS\Include\arm_math.h(575): warning:  #223-D: function "__CLZ" declared implicitly
        signBits = ((uint32_t) (__CLZ( in) - 1));
..\Libraries\CMSIS\Include\arm_math.h(579): warning:  #223-D: function "__CLZ" declared implicitly
        signBits = ((uint32_t) (__CLZ(-in) - 1));
..\Libraries\CMSIS\Include\arm_math.h(626): warning:  #223-D: function "__CLZ" declared implicitly
        signBits = ((uint32_t)(__CLZ( in) - 17));
..\Libraries\CMSIS\Include\arm_math.h(630): warning:  #223-D: function "__CLZ" declared implicitly
        signBits = ((uint32_t)(__CLZ(-in) - 17));
..\Libraries\CMSIS\Include\arm_math.h(716): warning:  #223-D: function "__SSAT" declared implicitly
      r = __SSAT(((((q31_t)x << 24) >> 24) + (((q31_t)y << 24) >> 24)), 8) & (int32_t)0x000000FF;
..\Libraries\CMSIS\Include\arm_math.h(734): warning:  #223-D: function "__SSAT" declared implicitly
      r = __SSAT(((((q31_t)x << 24) >> 24) - (((q31_t)y << 24) >> 24)), 8) & (int32_t)0x000000FF;
..\Libraries\CMSIS\Include\arm_math.h(753): warning:  #223-D: function "__SSAT" declared implicitly
      r = __SSAT(((((q31_t)x << 16) >> 16) + (((q31_t)y << 16) >> 16)), 16) & (int32_t)0x0000FFFF;
..\Libraries\CMSIS\Include\arm_math.h(785): warning:  #223-D: function "__SSAT" declared implicitly
      r = __SSAT(((((q31_t)x << 16) >> 16) - (((q31_t)y << 16) >> 16)), 16) & (int32_t)0x0000FFFF;
..\Libraries\CMSIS\Include\arm_math.h(817): warning:  #223-D: function "__SSAT" declared implicitly
      r = __SSAT(((((q31_t)x << 16) >> 16) - (((q31_t)y      ) >> 16)), 16) & (int32_t)0x0000FFFF;
..\Libraries\CMSIS\Include\arm_math.h(849): warning:  #223-D: function "__SSAT" declared implicitly
      r = __SSAT(((((q31_t)x << 16) >> 16) + (((q31_t)y      ) >> 16)), 16) & (int32_t)0x0000FFFF;
..\Libraries\CMSIS\Include\arm_math.h(4907): warning:  #223-D: function "__SSAT" declared implicitly
      out = (q15_t) (__SSAT((acc >> 15), 16));
..\User\fiter\fir.c(1047): warning:  #1295-D: Deprecated declaration arm_fir_f32_lp - give arg types
  void arm_fir_f32_lp();
..\User\fiter\fir.c(1097): warning:  #1-D: last line of file ends without a newline
  }
..\User\fiter\fir.c: 13 warnings, 0 errors
linking...
Program Size: Code=8340 RO-data=456 RW-data=4128 ZI-data=5256  
".\Objects\BH-F103.axf" - 0 Error(s), 13 Warning(s).

*** Performing Cross-Module-Optimization:
compiling core_cm3.c...
compiling system_stm32f10x.c...
compiling misc.c...
compiling stm32f10x_adc.c...
compiling stm32f10x_bkp.c...
compiling stm32f10x_can.c...
compiling stm32f10x_cec.c...
compiling stm32f10x_crc.c...
compiling stm32f10x_dac.c...
compiling stm32f10x_dbgmcu.c...
compiling stm32f10x_dma.c...
compiling stm32f10x_exti.c...
compiling stm32f10x_flash.c...
compiling stm32f10x_fsmc.c...
compiling stm32f10x_gpio.c...
compiling stm32f10x_i2c.c...
compiling stm32f10x_iwdg.c...
compiling stm32f10x_pwr.c...
compiling stm32f10x_rcc.c...
compiling stm32f10x_rtc.c...
compiling stm32f10x_sdio.c...
compiling stm32f10x_spi.c...
compiling stm32f10x_tim.c...
compiling stm32f10x_usart.c...
compiling stm32f10x_wwdg.c...
compiling main.c...
compiling bsp_key.c...
compiling bsp_usart.c...
compiling FIRFiter.c...
linking...
Program Size: Code=8340 RO-data=456 RW-data=4128 ZI-data=5256  
FromELF: creating hex file...
".\Objects\BH-F103.axf" - 0 Error(s), 0 Warning(s).
*** Completed Cross-Module-Optimization after 2 iteration(s).

<h2>Software Packages used:</h2>

Package Vendor: ARM
                http://www.keil.com/pack/ARM.CMSIS.4.2.0.pack
                ARM::CMSIS:CORE:3.40.0
                CMSIS (Cortex Microcontroller Software Interface Standard)
   * Component: CORE Version: 3.40.0
   * Component: DSP Version: 1.4.2

<h2>Collection of Component include folders:</h2>
  \\Mac\Home\Desktop\FIR-FIiter 5.2 - 副本\Project\RTE
  C:\Keil_v5\ARM\PACK\ARM\CMSIS\4.2.0\CMSIS\Include
  C:\Keil_v5\ARM\PACK\Keil\STM32F1xx_DFP\2.3.0

<h2>Collection of Component Files used:</h2>

   * Component: ARM::CMSIS:CORE:3.40.0
      Source file:   CMSIS\UserCodeTemplates\ARM\ITM_Retarget.c

   * Component: ARM::CMSIS:DSP:1.4.2
      Include file:  CMSIS\Include\arm_math.h
      Library file:  CMSIS\Lib\ARM\arm_cortexM3l_math.lib
</pre>
</body>
</html>
